[32m24 05 2018 21:48:53.351:INFO [karma]: [39mKarma v1.4.1 server started at http://0.0.0.0:9876/
[32m24 05 2018 21:48:53.353:INFO [launcher]: [39mLaunching browser PhantomJS with unlimited concurrency
[32m24 05 2018 21:48:53.359:INFO [launcher]: [39mStarting browser PhantomJS
[32m24 05 2018 21:49:04.736:INFO [PhantomJS 2.1.1 (Linux 0.0.0)]: [39mConnected on socket vCghImRz6hfY4gclAAAA with id 56221932
PhantomJS 2.1.1 (Linux 0.0.0) LOG: '>>>>>>', '__SEP_TAG__@http://localhost:9876/_karma_webpack_/polyfills.bundle.js:11023:28', 'ZoneAwareError@http://localhost:9876/_karma_webpack_/polyfills.bundle.js:11023:28'

PhantomJS 2.1.1 (Linux 0.0.0) LOG: '>>>>>>', '__SEP_TAG__@http://localhost:9876/_karma_webpack_/polyfills.bundle.js:11023:28', 'ZoneAwareError@http://localhost:9876/_karma_webpack_/polyfills.bundle.js:11023:28'
PhantomJS 2.1.1 (Linux 0.0.0) LOG: '>>>>>>', '__SEP_TAG__@http://localhost:9876/_karma_webpack_/polyfills.bundle.js:11023:28', 'getStacktraceWithUncaughtError@http://localhost:9876/_karma_webpack_/vendor.bundle.js:99317:21'

PhantomJS 2.1.1 (Linux 0.0.0) LOG: '>>>>>>', '__SEP_TAG__@http://localhost:9876/_karma_webpack_/polyfills.bundle.js:11023:28', 'getStacktraceWithUncaughtError@http://localhost:9876/_karma_webpack_/vendor.bundle.js:99317:21'
PhantomJS 2.1.1 (Linux 0.0.0) LOG: '>>>>>>', '__SEP_TAG__@http://localhost:9876/_karma_webpack_/polyfills.bundle.js:11023:28', 'LongStackTrace@http://localhost:9876/_karma_webpack_/vendor.bundle.js:99311:35'

PhantomJS 2.1.1 (Linux 0.0.0) LOG: '>>>>>>', '__SEP_TAG__@http://localhost:9876/_karma_webpack_/polyfills.bundle.js:11023:28', 'LongStackTrace@http://localhost:9876/_karma_webpack_/vendor.bundle.js:99311:35'
PhantomJS 2.1.1 (Linux 0.0.0) LOG: '>>>>>>', '__SEP_TAG__@http://localhost:9876/_karma_webpack_/polyfills.bundle.js:11023:28', 'captureStackTraces@http://localhost:9876/_karma_webpack_/vendor.bundle.js:99406:55'

PhantomJS 2.1.1 (Linux 0.0.0) LOG: '>>>>>>', '__SEP_TAG__@http://localhost:9876/_karma_webpack_/polyfills.bundle.js:11023:28', 'captureStackTraces@http://localhost:9876/_karma_webpack_/vendor.bundle.js:99406:55'

[1A[2KPhantomJS 2.1.1 (Linux 0.0.0): Executed 0 of 9 SUCCESS (0 secs / 0 secs)
[1A[2KPhantomJS 2.1.1 (Linux 0.0.0): Executed 1 of 9 SUCCESS (0 secs / 0.532 secs)
[1A[2KPhantomJS 2.1.1 (Linux 0.0.0): Executed 2 of 9 SUCCESS (0 secs / 0.594 secs)
[1A[2KPhantomJS 2.1.1 (Linux 0.0.0): Executed 3 of 9 SUCCESS (0 secs / 0.747 secs)
[1A[2KPhantomJS 2.1.1 (Linux 0.0.0): Executed 4 of 9 SUCCESS (0 secs / 0.874 secs)
[1A[2KPhantomJS 2.1.1 (Linux 0.0.0): Executed 5 of 9 SUCCESS (0 secs / 0.99 secs)
[1A[2KPhantomJS 2.1.1 (Linux 0.0.0): Executed 6 of 9 SUCCESS (0 secs / 1.024 secs)
[1A[2KPhantomJS 2.1.1 (Linux 0.0.0): Executed 7 of 9 SUCCESS (0 secs / 1.149 secs)
[1A[2KPhantomJS 2.1.1 (Linux 0.0.0): Executed 8 of 9 SUCCESS (0 secs / 1.307 secs)
[1A[2KPhantomJS 2.1.1 (Linux 0.0.0): Executed 9 of 9 SUCCESS (0 secs / 1.344 secs)
[1A[2KPhantomJS 2.1.1 (Linux 0.0.0): Executed 9 of 9 SUCCESS (0.852 secs / 1.344 secs)
